// Jest Snapshot v1, https://goo.gl/fbAQLP

exports[`test Radio component should checked when clicked 1`] = `
Object {
  "asFragment": [Function],
  "baseElement": <body>
    <div>
      <div
        class="sc-AxhCb hiiIRh"
      >
        <label
          class="sc-AxjAm irFwnu"
        >
          <input
            aria-invalid="false"
            class="sc-AxhUy eBGlsF"
            role="radio"
            type="radio"
          />
          <span>
            <span
              class="sc-AxirZ dVRjgl"
            >
              test
            </span>
          </span>
        </label>
      </div>
    </div>
  </body>,
  "container": <div>
    <div
      class="sc-AxhCb hiiIRh"
    >
      <label
        class="sc-AxjAm irFwnu"
      >
        <input
          aria-invalid="false"
          class="sc-AxhUy eBGlsF"
          role="radio"
          type="radio"
        />
        <span>
          <span
            class="sc-AxirZ dVRjgl"
          >
            test
          </span>
        </span>
      </label>
    </div>
  </div>,
  "debug": [Function],
  "findAllByAltText": [Function],
  "findAllByDisplayValue": [Function],
  "findAllByLabelText": [Function],
  "findAllByPlaceholderText": [Function],
  "findAllByRole": [Function],
  "findAllByTestId": [Function],
  "findAllByText": [Function],
  "findAllByTitle": [Function],
  "findByAltText": [Function],
  "findByDisplayValue": [Function],
  "findByLabelText": [Function],
  "findByPlaceholderText": [Function],
  "findByRole": [Function],
  "findByTestId": [Function],
  "findByText": [Function],
  "findByTitle": [Function],
  "getAllByAltText": [Function],
  "getAllByDisplayValue": [Function],
  "getAllByLabelText": [Function],
  "getAllByPlaceholderText": [Function],
  "getAllByRole": [Function],
  "getAllByTestId": [Function],
  "getAllByText": [Function],
  "getAllByTitle": [Function],
  "getByAltText": [Function],
  "getByDisplayValue": [Function],
  "getByLabelText": [Function],
  "getByPlaceholderText": [Function],
  "getByRole": [Function],
  "getByTestId": [Function],
  "getByText": [Function],
  "getByTitle": [Function],
  "queryAllByAltText": [Function],
  "queryAllByDisplayValue": [Function],
  "queryAllByLabelText": [Function],
  "queryAllByPlaceholderText": [Function],
  "queryAllByRole": [Function],
  "queryAllByTestId": [Function],
  "queryAllByText": [Function],
  "queryAllByTitle": [Function],
  "queryByAltText": [Function],
  "queryByDisplayValue": [Function],
  "queryByLabelText": [Function],
  "queryByPlaceholderText": [Function],
  "queryByRole": [Function],
  "queryByTestId": [Function],
  "queryByText": [Function],
  "queryByTitle": [Function],
  "rerender": [Function],
  "unmount": [Function],
}
`;

exports[`test Radio component should disabled 1`] = `
Object {
  "asFragment": [Function],
  "baseElement": <body>
    <div>
      <div
        class="sc-AxhCb hiiIRh"
      >
        <label
          class="sc-AxjAm sXij"
          disabled=""
        >
          <input
            aria-invalid="false"
            class="sc-AxhUy eBGlsF"
            role="radio"
            type="radio"
          />
          <span>
            <span
              class="sc-AxirZ dVRjgl"
            >
              test
            </span>
          </span>
        </label>
      </div>
    </div>
  </body>,
  "container": <div>
    <div
      class="sc-AxhCb hiiIRh"
    >
      <label
        class="sc-AxjAm sXij"
        disabled=""
      >
        <input
          aria-invalid="false"
          class="sc-AxhUy eBGlsF"
          role="radio"
          type="radio"
        />
        <span>
          <span
            class="sc-AxirZ dVRjgl"
          >
            test
          </span>
        </span>
      </label>
    </div>
  </div>,
  "debug": [Function],
  "findAllByAltText": [Function],
  "findAllByDisplayValue": [Function],
  "findAllByLabelText": [Function],
  "findAllByPlaceholderText": [Function],
  "findAllByRole": [Function],
  "findAllByTestId": [Function],
  "findAllByText": [Function],
  "findAllByTitle": [Function],
  "findByAltText": [Function],
  "findByDisplayValue": [Function],
  "findByLabelText": [Function],
  "findByPlaceholderText": [Function],
  "findByRole": [Function],
  "findByTestId": [Function],
  "findByText": [Function],
  "findByTitle": [Function],
  "getAllByAltText": [Function],
  "getAllByDisplayValue": [Function],
  "getAllByLabelText": [Function],
  "getAllByPlaceholderText": [Function],
  "getAllByRole": [Function],
  "getAllByTestId": [Function],
  "getAllByText": [Function],
  "getAllByTitle": [Function],
  "getByAltText": [Function],
  "getByDisplayValue": [Function],
  "getByLabelText": [Function],
  "getByPlaceholderText": [Function],
  "getByRole": [Function],
  "getByTestId": [Function],
  "getByText": [Function],
  "getByTitle": [Function],
  "queryAllByAltText": [Function],
  "queryAllByDisplayValue": [Function],
  "queryAllByLabelText": [Function],
  "queryAllByPlaceholderText": [Function],
  "queryAllByRole": [Function],
  "queryAllByTestId": [Function],
  "queryAllByText": [Function],
  "queryAllByTitle": [Function],
  "queryByAltText": [Function],
  "queryByDisplayValue": [Function],
  "queryByLabelText": [Function],
  "queryByPlaceholderText": [Function],
  "queryByRole": [Function],
  "queryByTestId": [Function],
  "queryByText": [Function],
  "queryByTitle": [Function],
  "rerender": [Function],
  "unmount": [Function],
}
`;

exports[`test Radio component should hide label 1`] = `
Object {
  "asFragment": [Function],
  "baseElement": <body>
    <div>
      <div
        class="sc-AxhCb hiiIRh"
      >
        <label
          class="sc-AxjAm irFwnu"
        >
          <input
            aria-invalid="false"
            class="sc-AxhUy eBGlsF"
            role="radio"
            type="radio"
          />
          <span>
            <span
              class="sc-AxirZ hvHjVZ"
            >
              test
            </span>
          </span>
        </label>
      </div>
    </div>
  </body>,
  "container": <div>
    <div
      class="sc-AxhCb hiiIRh"
    >
      <label
        class="sc-AxjAm irFwnu"
      >
        <input
          aria-invalid="false"
          class="sc-AxhUy eBGlsF"
          role="radio"
          type="radio"
        />
        <span>
          <span
            class="sc-AxirZ hvHjVZ"
          >
            test
          </span>
        </span>
      </label>
    </div>
  </div>,
  "debug": [Function],
  "findAllByAltText": [Function],
  "findAllByDisplayValue": [Function],
  "findAllByLabelText": [Function],
  "findAllByPlaceholderText": [Function],
  "findAllByRole": [Function],
  "findAllByTestId": [Function],
  "findAllByText": [Function],
  "findAllByTitle": [Function],
  "findByAltText": [Function],
  "findByDisplayValue": [Function],
  "findByLabelText": [Function],
  "findByPlaceholderText": [Function],
  "findByRole": [Function],
  "findByTestId": [Function],
  "findByText": [Function],
  "findByTitle": [Function],
  "getAllByAltText": [Function],
  "getAllByDisplayValue": [Function],
  "getAllByLabelText": [Function],
  "getAllByPlaceholderText": [Function],
  "getAllByRole": [Function],
  "getAllByTestId": [Function],
  "getAllByText": [Function],
  "getAllByTitle": [Function],
  "getByAltText": [Function],
  "getByDisplayValue": [Function],
  "getByLabelText": [Function],
  "getByPlaceholderText": [Function],
  "getByRole": [Function],
  "getByTestId": [Function],
  "getByText": [Function],
  "getByTitle": [Function],
  "queryAllByAltText": [Function],
  "queryAllByDisplayValue": [Function],
  "queryAllByLabelText": [Function],
  "queryAllByPlaceholderText": [Function],
  "queryAllByRole": [Function],
  "queryAllByTestId": [Function],
  "queryAllByText": [Function],
  "queryAllByTitle": [Function],
  "queryByAltText": [Function],
  "queryByDisplayValue": [Function],
  "queryByLabelText": [Function],
  "queryByPlaceholderText": [Function],
  "queryByRole": [Function],
  "queryByTestId": [Function],
  "queryByText": [Function],
  "queryByTitle": [Function],
  "rerender": [Function],
  "unmount": [Function],
}
`;

exports[`test Radio component should render extra text 1`] = `
Object {
  "asFragment": [Function],
  "baseElement": <body>
    <div>
      <div
        class="sc-AxhCb hiiIRh"
      >
        <label
          class="sc-AxjAm irFwnu"
        >
          <input
            aria-invalid="true"
            class="sc-AxhUy eBGlsF"
            role="radio"
            type="radio"
          />
          <span>
            <span
              class="sc-AxirZ dVRjgl"
            >
              test
            </span>
          </span>
        </label>
        <span
          class="sc-AxgMl kRmZTp"
        >
          errortext
        </span>
        <div
          class="sc-AxiKw cRflzW"
        >
          description
        </div>
      </div>
    </div>
  </body>,
  "container": <div>
    <div
      class="sc-AxhCb hiiIRh"
    >
      <label
        class="sc-AxjAm irFwnu"
      >
        <input
          aria-invalid="true"
          class="sc-AxhUy eBGlsF"
          role="radio"
          type="radio"
        />
        <span>
          <span
            class="sc-AxirZ dVRjgl"
          >
            test
          </span>
        </span>
      </label>
      <span
        class="sc-AxgMl kRmZTp"
      >
        errortext
      </span>
      <div
        class="sc-AxiKw cRflzW"
      >
        description
      </div>
    </div>
  </div>,
  "debug": [Function],
  "findAllByAltText": [Function],
  "findAllByDisplayValue": [Function],
  "findAllByLabelText": [Function],
  "findAllByPlaceholderText": [Function],
  "findAllByRole": [Function],
  "findAllByTestId": [Function],
  "findAllByText": [Function],
  "findAllByTitle": [Function],
  "findByAltText": [Function],
  "findByDisplayValue": [Function],
  "findByLabelText": [Function],
  "findByPlaceholderText": [Function],
  "findByRole": [Function],
  "findByTestId": [Function],
  "findByText": [Function],
  "findByTitle": [Function],
  "getAllByAltText": [Function],
  "getAllByDisplayValue": [Function],
  "getAllByLabelText": [Function],
  "getAllByPlaceholderText": [Function],
  "getAllByRole": [Function],
  "getAllByTestId": [Function],
  "getAllByText": [Function],
  "getAllByTitle": [Function],
  "getByAltText": [Function],
  "getByDisplayValue": [Function],
  "getByLabelText": [Function],
  "getByPlaceholderText": [Function],
  "getByRole": [Function],
  "getByTestId": [Function],
  "getByText": [Function],
  "getByTitle": [Function],
  "queryAllByAltText": [Function],
  "queryAllByDisplayValue": [Function],
  "queryAllByLabelText": [Function],
  "queryAllByPlaceholderText": [Function],
  "queryAllByRole": [Function],
  "queryAllByTestId": [Function],
  "queryAllByText": [Function],
  "queryAllByTitle": [Function],
  "queryByAltText": [Function],
  "queryByDisplayValue": [Function],
  "queryByLabelText": [Function],
  "queryByPlaceholderText": [Function],
  "queryByRole": [Function],
  "queryByTestId": [Function],
  "queryByText": [Function],
  "queryByTitle": [Function],
  "rerender": [Function],
  "unmount": [Function],
}
`;
